2026-08-20 09:39:27.938: [INFO] CurrentProfilePath: C:\Users\pjatintr\OneDrive - Capgemini\Desktop\L3_Case_Study\.metadata\.plugins\org.eclipse.swt\EBWebView\Default
2026-08-20 09:39:27.938: [INFO] Profiles total count: 1
2026-08-20 09:39:27.938: [INFO] Profile: name=Profile 1 path=C:\Users\pjatintr\OneDrive - Capgemini\Desktop\L3_Case_Study\.metadata\.plugins\org.eclipse.swt\EBWebView\Default lastActive=null
2026-08-20 09:39:27.938: [INFO] LastUsedProfileDir: C:\Users\pjatintr\OneDrive - Capgemini\Desktop\L3_Case_Study\.metadata\.plugins\org.eclipse.swt\EBWebView\Default
2026-08-20 09:39:27.938: [INFO] OnDoneLoading sync enabled: 0
2026-08-20 09:39:27.938: [INFO] BookmarkModelLoaded, ids_reassigned: 0
2026-08-20 09:39:27.938: [INFO] BookmarksLoadDropped droppedNodes=0
2026-08-20 09:39:27.938: [INFO] BookmarksSnapshot Startup total=0 bar=0 other=0 mobile=0 showBar=0 showBarNTP=1
2026-08-20 09:39:35.886: [INFO] BookmarksSnapshot Shutdown total=0 bar=0 other=0 mobile=0 showBar=0 showBarNTP=1
2026-08-20 09:39:44.027: [INFO] CurrentProfilePath: C:\Users\pjatintr\OneDrive - Capgemini\Desktop\L3_Case_Study\.metadata\.plugins\org.eclipse.swt\EBWebView\Default
2026-08-20 09:39:44.027: [INFO] Profiles total count: 1
2026-08-20 09:39:44.027: [INFO] Profile: name=Profile 1 path=C:\Users\pjatintr\OneDrive - Capgemini\Desktop\L3_Case_Study\.metadata\.plugins\org.eclipse.swt\EBWebView\Default lastActive=2026-08-20T09:39:30.531Z
2026-08-20 09:39:44.027: [INFO] LastUsedProfileDir: C:\Users\pjatintr\OneDrive - Capgemini\Desktop\L3_Case_Study\.metadata\.plugins\org.eclipse.swt\EBWebView\Default
2026-08-20 09:39:44.027: [INFO] MostRecentlyActiveProfile: name=Profile 1 path=C:\Users\pjatintr\OneDrive - Capgemini\Desktop\L3_Case_Study\.metadata\.plugins\org.eclipse.swt\EBWebView\Default lastActive=2026-08-20T09:39:30.531Z
2026-08-20 09:39:44.027: [INFO] OnDoneLoading sync enabled: 0
2026-08-20 09:39:44.027: [INFO] BookmarkModelLoaded, ids_reassigned: 0
2026-08-20 09:39:44.027: [INFO] BookmarksLoadDropped droppedNodes=0
2026-08-20 09:39:44.028: [INFO] BookmarksSnapshot Startup total=0 bar=0 other=0 mobile=0 showBar=0 showBarNTP=1
2026-08-20 09:39:59.043: [INFO] BookmarksSnapshot Shutdown total=0 bar=0 other=0 mobile=0 showBar=0 showBarNTP=1
2026-08-20 09:41:50.600: [INFO] CurrentProfilePath: C:\Users\pjatintr\OneDrive - Capgemini\Desktop\L3_Case_Study\.metadata\.plugins\org.eclipse.swt\EBWebView\Default
2026-08-20 09:41:50.600: [INFO] Profiles total count: 1
2026-08-20 09:41:50.601: [INFO] Profile: name=Profile 1 path=C:\Users\pjatintr\OneDrive - Capgemini\Desktop\L3_Case_Study\.metadata\.plugins\org.eclipse.swt\EBWebView\Default lastActive=2026-08-20T09:39:57.395Z
2026-08-20 09:41:50.601: [INFO] LastUsedProfileDir: C:\Users\pjatintr\OneDrive - Capgemini\Desktop\L3_Case_Study\.metadata\.plugins\org.eclipse.swt\EBWebView\Default
2026-08-20 09:41:50.601: [INFO] MostRecentlyActiveProfile: name=Profile 1 path=C:\Users\pjatintr\OneDrive - Capgemini\Desktop\L3_Case_Study\.metadata\.plugins\org.eclipse.swt\EBWebView\Default lastActive=2026-08-20T09:39:57.395Z
2026-08-20 09:41:50.601: [INFO] OnDoneLoading sync enabled: 0
2026-08-20 09:41:50.601: [INFO] BookmarkModelLoaded, ids_reassigned: 0
2026-08-20 09:41:50.601: [INFO] BookmarksLoadDropped droppedNodes=0
2026-08-20 09:41:50.601: [INFO] BookmarksSnapshot Startup total=0 bar=0 other=0 mobile=0 showBar=0 showBarNTP=1
2026-08-20 09:41:53.990: [INFO] BookmarksSnapshot Shutdown total=0 bar=0 other=0 mobile=0 showBar=0 showBarNTP=1
2026-08-20 09:45:30.378: [INFO] CurrentProfilePath: C:\Users\pjatintr\OneDrive - Capgemini\Desktop\L3_Case_Study\.metadata\.plugins\org.eclipse.swt\EBWebView\Default
2026-08-20 09:45:30.378: [INFO] Profiles total count: 1
2026-08-20 09:45:30.379: [INFO] Profile: name=Profile 1 path=C:\Users\pjatintr\OneDrive - Capgemini\Desktop\L3_Case_Study\.metadata\.plugins\org.eclipse.swt\EBWebView\Default lastActive=2026-08-20T09:39:57.395Z
2026-08-20 09:45:30.379: [INFO] LastUsedProfileDir: C:\Users\pjatintr\OneDrive - Capgemini\Desktop\L3_Case_Study\.metadata\.plugins\org.eclipse.swt\EBWebView\Default
2026-08-20 09:45:30.379: [INFO] MostRecentlyActiveProfile: name=Profile 1 path=C:\Users\pjatintr\OneDrive - Capgemini\Desktop\L3_Case_Study\.metadata\.plugins\org.eclipse.swt\EBWebView\Default lastActive=2026-08-20T09:39:57.395Z
2026-08-20 09:45:30.379: [INFO] OnDoneLoading sync enabled: 0
2026-08-20 09:45:30.379: [INFO] BookmarkModelLoaded, ids_reassigned: 0
2026-08-20 09:45:30.379: [INFO] BookmarksLoadDropped droppedNodes=0
2026-08-20 09:45:30.379: [INFO] BookmarksSnapshot Startup total=0 bar=0 other=0 mobile=0 showBar=0 showBarNTP=1
2026-08-20 09:52:42.747: [INFO] BookmarksSnapshot Shutdown total=0 bar=0 other=0 mobile=0 showBar=0 showBarNTP=1
2026-08-20 11:33:25.271: [INFO] CurrentProfilePath: C:\Users\pjatintr\OneDrive - Capgemini\Desktop\L3_Case_Study\.metadata\.plugins\org.eclipse.swt\EBWebView\Default
2026-08-20 11:33:25.271: [INFO] Profiles total count: 1
2026-08-20 11:33:25.271: [INFO] Profile: name=Profile 1 path=C:\Users\pjatintr\OneDrive - Capgemini\Desktop\L3_Case_Study\.metadata\.plugins\org.eclipse.swt\EBWebView\Default lastActive=2026-08-20T09:39:57.395Z
2026-08-20 11:33:25.271: [INFO] LastUsedProfileDir: C:\Users\pjatintr\OneDrive - Capgemini\Desktop\L3_Case_Study\.metadata\.plugins\org.eclipse.swt\EBWebView\Default
2026-08-20 11:33:25.271: [INFO] MostRecentlyActiveProfile: name=Profile 1 path=C:\Users\pjatintr\OneDrive - Capgemini\Desktop\L3_Case_Study\.metadata\.plugins\org.eclipse.swt\EBWebView\Default lastActive=2026-08-20T09:39:57.395Z
2026-08-20 11:33:25.271: [INFO] OnDoneLoading sync enabled: 0
2026-08-20 11:33:25.271: [INFO] BookmarkModelLoaded, ids_reassigned: 0
2026-08-20 11:33:25.271: [INFO] BookmarksLoadDropped droppedNodes=0
2026-08-20 11:33:25.271: [INFO] BookmarksSnapshot Startup total=0 bar=0 other=0 mobile=0 showBar=0 showBarNTP=1
2026-08-20 11:43:01.515: [INFO] BookmarksSnapshot Shutdown total=0 bar=0 other=0 mobile=0 showBar=0 showBarNTP=1
2026-08-21 04:06:19.929: [INFO] CurrentProfilePath: C:\Users\pjatintr\OneDrive - Capgemini\Desktop\L3_Case_Study\.metadata\.plugins\org.eclipse.swt\EBWebView\Default
2026-08-21 04:06:19.929: [INFO] Profiles total count: 1
2026-08-21 04:06:19.929: [INFO] Profile: name=Profile 1 path=C:\Users\pjatintr\OneDrive - Capgemini\Desktop\L3_Case_Study\.metadata\.plugins\org.eclipse.swt\EBWebView\Default lastActive=2026-08-20T09:39:57.395Z
2026-08-21 04:06:19.929: [INFO] LastUsedProfileDir: C:\Users\pjatintr\OneDrive - Capgemini\Desktop\L3_Case_Study\.metadata\.plugins\org.eclipse.swt\EBWebView\Default
2026-08-21 04:06:19.929: [INFO] MostRecentlyActiveProfile: name=Profile 1 path=C:\Users\pjatintr\OneDrive - Capgemini\Desktop\L3_Case_Study\.metadata\.plugins\org.eclipse.swt\EBWebView\Default lastActive=2026-08-20T09:39:57.395Z
2026-08-21 04:06:19.929: [INFO] OnDoneLoading sync enabled: 0
2026-08-21 04:06:19.929: [INFO] BookmarkModelLoaded, ids_reassigned: 0
2026-08-21 04:06:19.929: [INFO] BookmarksLoadDropped droppedNodes=0
2026-08-21 04:06:19.929: [INFO] BookmarksSnapshot Startup total=0 bar=0 other=0 mobile=0 showBar=0 showBarNTP=1
2026-08-21 04:06:25.662: [INFO] BookmarksSnapshot Shutdown total=0 bar=0 other=0 mobile=0 showBar=0 showBarNTP=1
2026-08-21 04:06:46.986: [INFO] CurrentProfilePath: C:\Users\pjatintr\OneDrive - Capgemini\Desktop\L3_Case_Study\.metadata\.plugins\org.eclipse.swt\EBWebView\Default
2026-08-21 04:06:46.986: [INFO] Profiles total count: 1
2026-08-21 04:06:46.986: [INFO] Profile: name=Profile 1 path=C:\Users\pjatintr\OneDrive - Capgemini\Desktop\L3_Case_Study\.metadata\.plugins\org.eclipse.swt\EBWebView\Default lastActive=2026-08-20T09:39:57.395Z
2026-08-21 04:06:46.986: [INFO] LastUsedProfileDir: C:\Users\pjatintr\OneDrive - Capgemini\Desktop\L3_Case_Study\.metadata\.plugins\org.eclipse.swt\EBWebView\Default
2026-08-21 04:06:46.987: [INFO] MostRecentlyActiveProfile: name=Profile 1 path=C:\Users\pjatintr\OneDrive - Capgemini\Desktop\L3_Case_Study\.metadata\.plugins\org.eclipse.swt\EBWebView\Default lastActive=2026-08-20T09:39:57.395Z
2026-08-21 04:06:46.987: [INFO] OnDoneLoading sync enabled: 0
2026-08-21 04:06:46.987: [INFO] BookmarkModelLoaded, ids_reassigned: 0
2026-08-21 04:06:46.987: [INFO] BookmarksLoadDropped droppedNodes=0
2026-08-21 04:06:46.987: [INFO] BookmarksSnapshot Startup total=0 bar=0 other=0 mobile=0 showBar=0 showBarNTP=1
2026-08-21 04:51:57.683: [INFO] BookmarksSnapshot Shutdown total=0 bar=0 other=0 mobile=0 showBar=0 showBarNTP=1
2026-08-21 04:52:36.174: [INFO] CurrentProfilePath: C:\Users\pjatintr\OneDrive - Capgemini\Desktop\L3_Case_Study\.metadata\.plugins\org.eclipse.swt\EBWebView\Default
2026-08-21 04:52:36.174: [INFO] Profiles total count: 1
2026-08-21 04:52:36.175: [INFO] Profile: name=Profile 1 path=C:\Users\pjatintr\OneDrive - Capgemini\Desktop\L3_Case_Study\.metadata\.plugins\org.eclipse.swt\EBWebView\Default lastActive=2026-08-20T09:39:57.395Z
2026-08-21 04:52:36.175: [INFO] LastUsedProfileDir: C:\Users\pjatintr\OneDrive - Capgemini\Desktop\L3_Case_Study\.metadata\.plugins\org.eclipse.swt\EBWebView\Default
2026-08-21 04:52:36.175: [INFO] MostRecentlyActiveProfile: name=Profile 1 path=C:\Users\pjatintr\OneDrive - Capgemini\Desktop\L3_Case_Study\.metadata\.plugins\org.eclipse.swt\EBWebView\Default lastActive=2026-08-20T09:39:57.395Z
2026-08-21 04:52:36.175: [INFO] OnDoneLoading sync enabled: 0
2026-08-21 04:52:36.175: [INFO] BookmarkModelLoaded, ids_reassigned: 0
2026-08-21 04:52:36.175: [INFO] BookmarksLoadDropped droppedNodes=0
2026-08-21 04:52:36.175: [INFO] BookmarksSnapshot Startup total=0 bar=0 other=0 mobile=0 showBar=0 showBarNTP=1
2026-08-21 04:52:38.926: [INFO] BookmarksSnapshot Shutdown total=0 bar=0 other=0 mobile=0 showBar=0 showBarNTP=1
2026-08-21 04:59:25.020: [INFO] CurrentProfilePath: C:\Users\pjatintr\OneDrive - Capgemini\Desktop\L3_Case_Study\.metadata\.plugins\org.eclipse.swt\EBWebView\Default
2026-08-21 04:59:25.020: [INFO] Profiles total count: 1
2026-08-21 04:59:25.021: [INFO] Profile: name=Profile 1 path=C:\Users\pjatintr\OneDrive - Capgemini\Desktop\L3_Case_Study\.metadata\.plugins\org.eclipse.swt\EBWebView\Default lastActive=2026-08-20T09:39:57.395Z
2026-08-21 04:59:25.021: [INFO] LastUsedProfileDir: C:\Users\pjatintr\OneDrive - Capgemini\Desktop\L3_Case_Study\.metadata\.plugins\org.eclipse.swt\EBWebView\Default
2026-08-21 04:59:25.021: [INFO] MostRecentlyActiveProfile: name=Profile 1 path=C:\Users\pjatintr\OneDrive - Capgemini\Desktop\L3_Case_Study\.metadata\.plugins\org.eclipse.swt\EBWebView\Default lastActive=2026-08-20T09:39:57.395Z
2026-08-21 04:59:25.021: [INFO] OnDoneLoading sync enabled: 0
2026-08-21 04:59:25.021: [INFO] BookmarkModelLoaded, ids_reassigned: 0
2026-08-21 04:59:25.021: [INFO] BookmarksLoadDropped droppedNodes=0
2026-08-21 04:59:25.021: [INFO] BookmarksSnapshot Startup total=0 bar=0 other=0 mobile=0 showBar=0 showBarNTP=1
2026-08-21 04:59:40.169: [INFO] BookmarksSnapshot Shutdown total=0 bar=0 other=0 mobile=0 showBar=0 showBarNTP=1
2026-08-21 05:35:25.694: [INFO] CurrentProfilePath: C:\Users\pjatintr\OneDrive - Capgemini\Desktop\L3_Case_Study\.metadata\.plugins\org.eclipse.swt\EBWebView\Default
2026-08-21 05:35:25.694: [INFO] Profiles total count: 1
2026-08-21 05:35:25.694: [INFO] Profile: name=Profile 1 path=C:\Users\pjatintr\OneDrive - Capgemini\Desktop\L3_Case_Study\.metadata\.plugins\org.eclipse.swt\EBWebView\Default lastActive=2026-08-20T09:39:57.395Z
2026-08-21 05:35:25.694: [INFO] LastUsedProfileDir: C:\Users\pjatintr\OneDrive - Capgemini\Desktop\L3_Case_Study\.metadata\.plugins\org.eclipse.swt\EBWebView\Default
2026-08-21 05:35:25.694: [INFO] MostRecentlyActiveProfile: name=Profile 1 path=C:\Users\pjatintr\OneDrive - Capgemini\Desktop\L3_Case_Study\.metadata\.plugins\org.eclipse.swt\EBWebView\Default lastActive=2026-08-20T09:39:57.395Z
2026-08-21 05:35:25.694: [INFO] OnDoneLoading sync enabled: 0
2026-08-21 05:35:25.694: [INFO] BookmarkModelLoaded, ids_reassigned: 0
2026-08-21 05:35:25.694: [INFO] BookmarksLoadDropped droppedNodes=0
2026-08-21 05:35:25.694: [INFO] BookmarksSnapshot Startup total=0 bar=0 other=0 mobile=0 showBar=0 showBarNTP=1
2026-08-21 05:36:17.856: [INFO] BookmarksSnapshot Shutdown total=0 bar=0 other=0 mobile=0 showBar=0 showBarNTP=1
2026-08-25 03:55:14.744: [INFO] CurrentProfilePath: C:\Users\pjatintr\OneDrive - Capgemini\Desktop\L3_Case_Study\.metadata\.plugins\org.eclipse.swt\EBWebView\Default
2026-08-25 03:55:14.744: [INFO] Profiles total count: 1
2026-08-25 03:55:14.744: [INFO] Profile: name=Profile 1 path=C:\Users\pjatintr\OneDrive - Capgemini\Desktop\L3_Case_Study\.metadata\.plugins\org.eclipse.swt\EBWebView\Default lastActive=2026-08-20T09:39:57.395Z
2026-08-25 03:55:14.744: [INFO] LastUsedProfileDir: C:\Users\pjatintr\OneDrive - Capgemini\Desktop\L3_Case_Study\.metadata\.plugins\org.eclipse.swt\EBWebView\Default
2026-08-25 03:55:14.744: [INFO] MostRecentlyActiveProfile: name=Profile 1 path=C:\Users\pjatintr\OneDrive - Capgemini\Desktop\L3_Case_Study\.metadata\.plugins\org.eclipse.swt\EBWebView\Default lastActive=2026-08-20T09:39:57.395Z
2026-08-25 03:55:14.744: [INFO] OnDoneLoading sync enabled: 0
2026-08-25 03:55:14.744: [INFO] BookmarkModelLoaded, ids_reassigned: 0
2026-08-25 03:55:14.744: [INFO] BookmarksLoadDropped droppedNodes=0
2026-08-25 03:55:14.744: [INFO] BookmarksSnapshot Startup total=0 bar=0 other=0 mobile=0 showBar=0 showBarNTP=1
2026-08-25 03:55:18.662: [INFO] BookmarksSnapshot Shutdown total=0 bar=0 other=0 mobile=0 showBar=0 showBarNTP=1
2026-08-25 03:55:27.693: [INFO] CurrentProfilePath: C:\Users\pjatintr\OneDrive - Capgemini\Desktop\L3_Case_Study\.metadata\.plugins\org.eclipse.swt\EBWebView\Default
2026-08-25 03:55:27.693: [INFO] Profiles total count: 1
2026-08-25 03:55:27.693: [INFO] Profile: name=Profile 1 path=C:\Users\pjatintr\OneDrive - Capgemini\Desktop\L3_Case_Study\.metadata\.plugins\org.eclipse.swt\EBWebView\Default lastActive=2026-08-20T09:39:57.395Z
2026-08-25 03:55:27.693: [INFO] LastUsedProfileDir: C:\Users\pjatintr\OneDrive - Capgemini\Desktop\L3_Case_Study\.metadata\.plugins\org.eclipse.swt\EBWebView\Default
2026-08-25 03:55:27.693: [INFO] MostRecentlyActiveProfile: name=Profile 1 path=C:\Users\pjatintr\OneDrive - Capgemini\Desktop\L3_Case_Study\.metadata\.plugins\org.eclipse.swt\EBWebView\Default lastActive=2026-08-20T09:39:57.395Z
2026-08-25 03:55:27.693: [INFO] OnDoneLoading sync enabled: 0
2026-08-25 03:55:27.693: [INFO] BookmarkModelLoaded, ids_reassigned: 0
2026-08-25 03:55:27.693: [INFO] BookmarksLoadDropped droppedNodes=0
2026-08-25 03:55:27.693: [INFO] BookmarksSnapshot Startup total=0 bar=0 other=0 mobile=0 showBar=0 showBarNTP=1
2026-08-25 03:55:46.985: [INFO] BookmarksSnapshot Shutdown total=0 bar=0 other=0 mobile=0 showBar=0 showBarNTP=1
2026-08-25 05:39:32.229: [INFO] CurrentProfilePath: C:\Users\pjatintr\OneDrive - Capgemini\Desktop\L3_Case_Study\.metadata\.plugins\org.eclipse.swt\EBWebView\Default
2026-08-25 05:39:32.229: [INFO] Profiles total count: 1
2026-08-25 05:39:32.230: [INFO] Profile: name=Profile 1 path=C:\Users\pjatintr\OneDrive - Capgemini\Desktop\L3_Case_Study\.metadata\.plugins\org.eclipse.swt\EBWebView\Default lastActive=2026-08-20T09:39:57.395Z
2026-08-25 05:39:32.230: [INFO] LastUsedProfileDir: C:\Users\pjatintr\OneDrive - Capgemini\Desktop\L3_Case_Study\.metadata\.plugins\org.eclipse.swt\EBWebView\Default
2026-08-25 05:39:32.230: [INFO] MostRecentlyActiveProfile: name=Profile 1 path=C:\Users\pjatintr\OneDrive - Capgemini\Desktop\L3_Case_Study\.metadata\.plugins\org.eclipse.swt\EBWebView\Default lastActive=2026-08-20T09:39:57.395Z
2026-08-25 05:39:32.230: [INFO] OnDoneLoading sync enabled: 0
2026-08-25 05:39:32.230: [INFO] BookmarkModelLoaded, ids_reassigned: 0
2026-08-25 05:39:32.230: [INFO] BookmarksLoadDropped droppedNodes=0
2026-08-25 05:39:32.230: [INFO] BookmarksSnapshot Startup total=0 bar=0 other=0 mobile=0 showBar=0 showBarNTP=1
2026-08-25 10:06:32.161: [INFO] BookmarksSnapshot Shutdown total=0 bar=0 other=0 mobile=0 showBar=0 showBarNTP=1
2026-08-25 10:43:22.491: [INFO] CurrentProfilePath: C:\Users\pjatintr\OneDrive - Capgemini\Desktop\L3_Case_Study\.metadata\.plugins\org.eclipse.swt\EBWebView\Default
2026-08-25 10:43:22.491: [INFO] Profiles total count: 1
2026-08-25 10:43:22.493: [INFO] Profile: name=Profile 1 path=C:\Users\pjatintr\OneDrive - Capgemini\Desktop\L3_Case_Study\.metadata\.plugins\org.eclipse.swt\EBWebView\Default lastActive=2026-08-20T09:39:57.395Z
2026-08-25 10:43:22.493: [INFO] LastUsedProfileDir: C:\Users\pjatintr\OneDrive - Capgemini\Desktop\L3_Case_Study\.metadata\.plugins\org.eclipse.swt\EBWebView\Default
2026-08-25 10:43:22.493: [INFO] MostRecentlyActiveProfile: name=Profile 1 path=C:\Users\pjatintr\OneDrive - Capgemini\Desktop\L3_Case_Study\.metadata\.plugins\org.eclipse.swt\EBWebView\Default lastActive=2026-08-20T09:39:57.395Z
2026-08-25 10:43:22.493: [INFO] OnDoneLoading sync enabled: 0
2026-08-25 10:43:22.493: [INFO] BookmarkModelLoaded, ids_reassigned: 0
2026-08-25 10:43:22.493: [INFO] BookmarksLoadDropped droppedNodes=0
2026-08-25 10:43:22.493: [INFO] BookmarksSnapshot Startup total=0 bar=0 other=0 mobile=0 showBar=0 showBarNTP=1
2026-08-25 10:44:20.617: [INFO] BookmarksSnapshot Shutdown total=0 bar=0 other=0 mobile=0 showBar=0 showBarNTP=1
2026-08-25 10:44:37.256: [INFO] CurrentProfilePath: C:\Users\pjatintr\OneDrive - Capgemini\Desktop\L3_Case_Study\.metadata\.plugins\org.eclipse.swt\EBWebView\Default
2026-08-25 10:44:37.256: [INFO] Profiles total count: 1
2026-08-25 10:44:37.256: [INFO] Profile: name=Profile 1 path=C:\Users\pjatintr\OneDrive - Capgemini\Desktop\L3_Case_Study\.metadata\.plugins\org.eclipse.swt\EBWebView\Default lastActive=2026-08-25T10:44:16.481Z
2026-08-25 10:44:37.256: [INFO] LastUsedProfileDir: C:\Users\pjatintr\OneDrive - Capgemini\Desktop\L3_Case_Study\.metadata\.plugins\org.eclipse.swt\EBWebView\Default
2026-08-25 10:44:37.256: [INFO] MostRecentlyActiveProfile: name=Profile 1 path=C:\Users\pjatintr\OneDrive - Capgemini\Desktop\L3_Case_Study\.metadata\.plugins\org.eclipse.swt\EBWebView\Default lastActive=2026-08-25T10:44:16.481Z
2026-08-25 10:44:37.256: [INFO] OnDoneLoading sync enabled: 0
2026-08-25 10:44:37.256: [INFO] BookmarkModelLoaded, ids_reassigned: 0
2026-08-25 10:44:37.256: [INFO] BookmarksLoadDropped droppedNodes=0
2026-08-25 10:44:37.256: [INFO] BookmarksSnapshot Startup total=0 bar=0 other=0 mobile=0 showBar=0 showBarNTP=1
2026-08-25 11:33:04.427: [INFO] BookmarksSnapshot Shutdown total=0 bar=0 other=0 mobile=0 showBar=0 showBarNTP=1
2026-08-26 04:23:25.938: [INFO] CurrentProfilePath: C:\Users\pjatintr\OneDrive - Capgemini\Desktop\L3_Case_Study\.metadata\.plugins\org.eclipse.swt\EBWebView\Default
2026-08-26 04:23:25.938: [INFO] Profiles total count: 1
2026-08-26 04:23:25.940: [INFO] Profile: name=Profile 1 path=C:\Users\pjatintr\OneDrive - Capgemini\Desktop\L3_Case_Study\.metadata\.plugins\org.eclipse.swt\EBWebView\Default lastActive=2026-08-25T10:44:16.481Z
2026-08-26 04:23:25.940: [INFO] LastUsedProfileDir: C:\Users\pjatintr\OneDrive - Capgemini\Desktop\L3_Case_Study\.metadata\.plugins\org.eclipse.swt\EBWebView\Default
2026-08-26 04:23:25.941: [INFO] MostRecentlyActiveProfile: name=Profile 1 path=C:\Users\pjatintr\OneDrive - Capgemini\Desktop\L3_Case_Study\.metadata\.plugins\org.eclipse.swt\EBWebView\Default lastActive=2026-08-25T10:44:16.481Z
2026-08-26 04:23:25.941: [INFO] OnDoneLoading sync enabled: 0
2026-08-26 04:23:25.941: [INFO] BookmarkModelLoaded, ids_reassigned: 0
2026-08-26 04:23:25.941: [INFO] BookmarksLoadDropped droppedNodes=0
2026-08-26 04:23:25.941: [INFO] BookmarksSnapshot Startup total=0 bar=0 other=0 mobile=0 showBar=0 showBarNTP=1
2026-08-26 04:44:33.588: [INFO] BookmarksSnapshot Shutdown total=0 bar=0 other=0 mobile=0 showBar=0 showBarNTP=1
2026-08-26 06:54:30.923: [INFO] CurrentProfilePath: C:\Users\pjatintr\OneDrive - Capgemini\Desktop\L3_Case_Study\.metadata\.plugins\org.eclipse.swt\EBWebView\Default
2026-08-26 06:54:30.923: [INFO] Profiles total count: 1
2026-08-26 06:54:30.923: [INFO] Profile: name=Profile 1 path=C:\Users\pjatintr\OneDrive - Capgemini\Desktop\L3_Case_Study\.metadata\.plugins\org.eclipse.swt\EBWebView\Default lastActive=2026-08-25T10:44:16.481Z
2026-08-26 06:54:30.923: [INFO] LastUsedProfileDir: C:\Users\pjatintr\OneDrive - Capgemini\Desktop\L3_Case_Study\.metadata\.plugins\org.eclipse.swt\EBWebView\Default
2026-08-26 06:54:30.923: [INFO] MostRecentlyActiveProfile: name=Profile 1 path=C:\Users\pjatintr\OneDrive - Capgemini\Desktop\L3_Case_Study\.metadata\.plugins\org.eclipse.swt\EBWebView\Default lastActive=2026-08-25T10:44:16.481Z
2026-08-26 06:54:30.923: [INFO] OnDoneLoading sync enabled: 0
2026-08-26 06:54:30.923: [INFO] BookmarkModelLoaded, ids_reassigned: 0
2026-08-26 06:54:30.923: [INFO] BookmarksLoadDropped droppedNodes=0
2026-08-26 06:54:30.924: [INFO] BookmarksSnapshot Startup total=0 bar=0 other=0 mobile=0 showBar=0 showBarNTP=1
2026-08-26 11:46:45.268: [INFO] BookmarksSnapshot Shutdown total=0 bar=0 other=0 mobile=0 showBar=0 showBarNTP=1
2026-08-27 10:18:25.238: [INFO] CurrentProfilePath: C:\Users\pjatintr\OneDrive - Capgemini\Desktop\L3_Case_Study\.metadata\.plugins\org.eclipse.swt\EBWebView\Default
2026-08-27 10:18:25.238: [INFO] Profiles total count: 1
2026-08-27 10:18:25.239: [INFO] Profile: name=Profile 1 path=C:\Users\pjatintr\OneDrive - Capgemini\Desktop\L3_Case_Study\.metadata\.plugins\org.eclipse.swt\EBWebView\Default lastActive=2026-08-25T10:44:16.481Z
2026-08-27 10:18:25.239: [INFO] LastUsedProfileDir: C:\Users\pjatintr\OneDrive - Capgemini\Desktop\L3_Case_Study\.metadata\.plugins\org.eclipse.swt\EBWebView\Default
2026-08-27 10:18:25.239: [INFO] MostRecentlyActiveProfile: name=Profile 1 path=C:\Users\pjatintr\OneDrive - Capgemini\Desktop\L3_Case_Study\.metadata\.plugins\org.eclipse.swt\EBWebView\Default lastActive=2026-08-25T10:44:16.481Z
2026-08-27 10:18:25.239: [INFO] OnDoneLoading sync enabled: 0
2026-08-27 10:18:25.239: [INFO] BookmarkModelLoaded, ids_reassigned: 0
2026-08-27 10:18:25.239: [INFO] BookmarksLoadDropped droppedNodes=0
2026-08-27 10:18:25.239: [INFO] BookmarksSnapshot Startup total=0 bar=0 other=0 mobile=0 showBar=0 showBarNTP=1
2026-08-27 10:18:58.121: [INFO] BookmarksSnapshot Shutdown total=0 bar=0 other=0 mobile=0 showBar=0 showBarNTP=1
2026-08-28 04:34:17.384: [INFO] CurrentProfilePath: C:\Users\pjatintr\OneDrive - Capgemini\Desktop\L3_Case_Study\.metadata\.plugins\org.eclipse.swt\EBWebView\Default
2026-08-28 04:34:17.384: [INFO] Profiles total count: 1
2026-08-28 04:34:17.384: [INFO] Profile: name=Profile 1 path=C:\Users\pjatintr\OneDrive - Capgemini\Desktop\L3_Case_Study\.metadata\.plugins\org.eclipse.swt\EBWebView\Default lastActive=2026-08-25T10:44:16.481Z
2026-08-28 04:34:17.384: [INFO] LastUsedProfileDir: C:\Users\pjatintr\OneDrive - Capgemini\Desktop\L3_Case_Study\.metadata\.plugins\org.eclipse.swt\EBWebView\Default
2026-08-28 04:34:17.384: [INFO] MostRecentlyActiveProfile: name=Profile 1 path=C:\Users\pjatintr\OneDrive - Capgemini\Desktop\L3_Case_Study\.metadata\.plugins\org.eclipse.swt\EBWebView\Default lastActive=2026-08-25T10:44:16.481Z
2026-08-28 04:34:17.384: [INFO] OnDoneLoading sync enabled: 0
2026-08-28 04:34:17.384: [INFO] BookmarkModelLoaded, ids_reassigned: 0
2026-08-28 04:34:17.384: [INFO] BookmarksLoadDropped droppedNodes=0
2026-08-28 04:34:17.384: [INFO] BookmarksSnapshot Startup total=0 bar=0 other=0 mobile=0 showBar=0 showBarNTP=1
2026-08-28 04:48:31.653: [INFO] BookmarksSnapshot Shutdown total=0 bar=0 other=0 mobile=0 showBar=0 showBarNTP=1
2026-08-28 05:05:10.015: [INFO] CurrentProfilePath: C:\Users\pjatintr\OneDrive - Capgemini\Desktop\L3_Case_Study\.metadata\.plugins\org.eclipse.swt\EBWebView\Default
2026-08-28 05:05:10.015: [INFO] Profiles total count: 1
2026-08-28 05:05:10.016: [INFO] Profile: name=Profile 1 path=C:\Users\pjatintr\OneDrive - Capgemini\Desktop\L3_Case_Study\.metadata\.plugins\org.eclipse.swt\EBWebView\Default lastActive=2026-08-28T04:48:30.174Z
2026-08-28 05:05:10.016: [INFO] LastUsedProfileDir: C:\Users\pjatintr\OneDrive - Capgemini\Desktop\L3_Case_Study\.metadata\.plugins\org.eclipse.swt\EBWebView\Default
2026-08-28 05:05:10.016: [INFO] MostRecentlyActiveProfile: name=Profile 1 path=C:\Users\pjatintr\OneDrive - Capgemini\Desktop\L3_Case_Study\.metadata\.plugins\org.eclipse.swt\EBWebView\Default lastActive=2026-08-28T04:48:30.174Z
2026-08-28 05:05:10.016: [INFO] OnDoneLoading sync enabled: 0
2026-08-28 05:05:10.016: [INFO] BookmarkModelLoaded, ids_reassigned: 0
2026-08-28 05:05:10.016: [INFO] BookmarksLoadDropped droppedNodes=0
2026-08-28 05:05:10.016: [INFO] BookmarksSnapshot Startup total=0 bar=0 other=0 mobile=0 showBar=0 showBarNTP=1
2026-08-28 05:05:15.715: [INFO] BookmarksSnapshot Shutdown total=0 bar=0 other=0 mobile=0 showBar=0 showBarNTP=1
2026-08-28 05:05:15.838: [INFO] CurrentProfilePath: C:\Users\pjatintr\OneDrive - Capgemini\Desktop\L3_Case_Study\.metadata\.plugins\org.eclipse.swt\EBWebView\Default
2026-08-28 05:05:15.838: [INFO] Profiles total count: 1
2026-08-28 05:05:15.838: [INFO] Profile: name=Profile 1 path=C:\Users\pjatintr\OneDrive - Capgemini\Desktop\L3_Case_Study\.metadata\.plugins\org.eclipse.swt\EBWebView\Default lastActive=2026-08-28T04:48:30.174Z
2026-08-28 05:05:15.838: [INFO] LastUsedProfileDir: C:\Users\pjatintr\OneDrive - Capgemini\Desktop\L3_Case_Study\.metadata\.plugins\org.eclipse.swt\EBWebView\Default
2026-08-28 05:05:15.838: [INFO] MostRecentlyActiveProfile: name=Profile 1 path=C:\Users\pjatintr\OneDrive - Capgemini\Desktop\L3_Case_Study\.metadata\.plugins\org.eclipse.swt\EBWebView\Default lastActive=2026-08-28T04:48:30.174Z
2026-08-28 05:05:15.838: [INFO] OnDoneLoading sync enabled: 0
2026-08-28 05:05:15.838: [INFO] BookmarkModelLoaded, ids_reassigned: 0
2026-08-28 05:05:15.838: [INFO] BookmarksLoadDropped droppedNodes=0
2026-08-28 05:05:15.838: [INFO] BookmarksSnapshot Startup total=0 bar=0 other=0 mobile=0 showBar=0 showBarNTP=1
2026-08-28 05:06:39.187: [INFO] BookmarksSnapshot Shutdown total=0 bar=0 other=0 mobile=0 showBar=0 showBarNTP=1
2026-08-28 05:06:39.337: [INFO] CurrentProfilePath: C:\Users\pjatintr\OneDrive - Capgemini\Desktop\L3_Case_Study\.metadata\.plugins\org.eclipse.swt\EBWebView\Default
2026-08-28 05:06:39.337: [INFO] Profiles total count: 1
2026-08-28 05:06:39.337: [INFO] Profile: name=Profile 1 path=C:\Users\pjatintr\OneDrive - Capgemini\Desktop\L3_Case_Study\.metadata\.plugins\org.eclipse.swt\EBWebView\Default lastActive=2026-08-28T04:48:30.174Z
2026-08-28 05:06:39.337: [INFO] LastUsedProfileDir: C:\Users\pjatintr\OneDrive - Capgemini\Desktop\L3_Case_Study\.metadata\.plugins\org.eclipse.swt\EBWebView\Default
2026-08-28 05:06:39.337: [INFO] MostRecentlyActiveProfile: name=Profile 1 path=C:\Users\pjatintr\OneDrive - Capgemini\Desktop\L3_Case_Study\.metadata\.plugins\org.eclipse.swt\EBWebView\Default lastActive=2026-08-28T04:48:30.174Z
2026-08-28 05:06:39.337: [INFO] OnDoneLoading sync enabled: 0
2026-08-28 05:06:39.337: [INFO] BookmarkModelLoaded, ids_reassigned: 0
2026-08-28 05:06:39.337: [INFO] BookmarksLoadDropped droppedNodes=0
2026-08-28 05:06:39.337: [INFO] BookmarksSnapshot Startup total=0 bar=0 other=0 mobile=0 showBar=0 showBarNTP=1
2026-08-28 05:06:46.658: [INFO] BookmarksSnapshot Shutdown total=0 bar=0 other=0 mobile=0 showBar=0 showBarNTP=1
2026-08-28 05:06:46.768: [INFO] CurrentProfilePath: C:\Users\pjatintr\OneDrive - Capgemini\Desktop\L3_Case_Study\.metadata\.plugins\org.eclipse.swt\EBWebView\Default
2026-08-28 05:06:46.768: [INFO] Profiles total count: 1
2026-08-28 05:06:46.768: [INFO] Profile: name=Profile 1 path=C:\Users\pjatintr\OneDrive - Capgemini\Desktop\L3_Case_Study\.metadata\.plugins\org.eclipse.swt\EBWebView\Default lastActive=2026-08-28T04:48:30.174Z
2026-08-28 05:06:46.768: [INFO] LastUsedProfileDir: C:\Users\pjatintr\OneDrive - Capgemini\Desktop\L3_Case_Study\.metadata\.plugins\org.eclipse.swt\EBWebView\Default
2026-08-28 05:06:46.768: [INFO] MostRecentlyActiveProfile: name=Profile 1 path=C:\Users\pjatintr\OneDrive - Capgemini\Desktop\L3_Case_Study\.metadata\.plugins\org.eclipse.swt\EBWebView\Default lastActive=2026-08-28T04:48:30.174Z
2026-08-28 05:06:46.768: [INFO] OnDoneLoading sync enabled: 0
2026-08-28 05:06:46.768: [INFO] BookmarkModelLoaded, ids_reassigned: 0
2026-08-28 05:06:46.768: [INFO] BookmarksLoadDropped droppedNodes=0
2026-08-28 05:06:46.768: [INFO] BookmarksSnapshot Startup total=0 bar=0 other=0 mobile=0 showBar=0 showBarNTP=1
2026-08-28 05:07:25.230: [INFO] BookmarksSnapshot Shutdown total=0 bar=0 other=0 mobile=0 showBar=0 showBarNTP=1
2026-08-28 05:07:25.380: [INFO] CurrentProfilePath: C:\Users\pjatintr\OneDrive - Capgemini\Desktop\L3_Case_Study\.metadata\.plugins\org.eclipse.swt\EBWebView\Default
2026-08-28 05:07:25.380: [INFO] Profiles total count: 1
2026-08-28 05:07:25.380: [INFO] Profile: name=Profile 1 path=C:\Users\pjatintr\OneDrive - Capgemini\Desktop\L3_Case_Study\.metadata\.plugins\org.eclipse.swt\EBWebView\Default lastActive=2026-08-28T04:48:30.174Z
2026-08-28 05:07:25.380: [INFO] LastUsedProfileDir: C:\Users\pjatintr\OneDrive - Capgemini\Desktop\L3_Case_Study\.metadata\.plugins\org.eclipse.swt\EBWebView\Default
2026-08-28 05:07:25.380: [INFO] MostRecentlyActiveProfile: name=Profile 1 path=C:\Users\pjatintr\OneDrive - Capgemini\Desktop\L3_Case_Study\.metadata\.plugins\org.eclipse.swt\EBWebView\Default lastActive=2026-08-28T04:48:30.174Z
2026-08-28 05:07:25.380: [INFO] OnDoneLoading sync enabled: 0
2026-08-28 05:07:25.380: [INFO] BookmarkModelLoaded, ids_reassigned: 0
2026-08-28 05:07:25.380: [INFO] BookmarksLoadDropped droppedNodes=0
2026-08-28 05:07:25.380: [INFO] BookmarksSnapshot Startup total=0 bar=0 other=0 mobile=0 showBar=0 showBarNTP=1
2026-08-28 05:07:35.259: [INFO] BookmarksSnapshot Shutdown total=0 bar=0 other=0 mobile=0 showBar=0 showBarNTP=1
2026-08-28 05:07:35.398: [INFO] CurrentProfilePath: C:\Users\pjatintr\OneDrive - Capgemini\Desktop\L3_Case_Study\.metadata\.plugins\org.eclipse.swt\EBWebView\Default
2026-08-28 05:07:35.398: [INFO] Profiles total count: 1
2026-08-28 05:07:35.398: [INFO] Profile: name=Profile 1 path=C:\Users\pjatintr\OneDrive - Capgemini\Desktop\L3_Case_Study\.metadata\.plugins\org.eclipse.swt\EBWebView\Default lastActive=2026-08-28T04:48:30.174Z
2026-08-28 05:07:35.398: [INFO] LastUsedProfileDir: C:\Users\pjatintr\OneDrive - Capgemini\Desktop\L3_Case_Study\.metadata\.plugins\org.eclipse.swt\EBWebView\Default
2026-08-28 05:07:35.398: [INFO] MostRecentlyActiveProfile: name=Profile 1 path=C:\Users\pjatintr\OneDrive - Capgemini\Desktop\L3_Case_Study\.metadata\.plugins\org.eclipse.swt\EBWebView\Default lastActive=2026-08-28T04:48:30.174Z
2026-08-28 05:07:35.398: [INFO] OnDoneLoading sync enabled: 0
2026-08-28 05:07:35.398: [INFO] BookmarkModelLoaded, ids_reassigned: 0
2026-08-28 05:07:35.398: [INFO] BookmarksLoadDropped droppedNodes=0
2026-08-28 05:07:35.398: [INFO] BookmarksSnapshot Startup total=0 bar=0 other=0 mobile=0 showBar=0 showBarNTP=1
2026-08-28 05:10:13.025: [INFO] BookmarksSnapshot Shutdown total=0 bar=0 other=0 mobile=0 showBar=0 showBarNTP=1
2026-08-28 05:21:01.080: [INFO] CurrentProfilePath: C:\Users\pjatintr\OneDrive - Capgemini\Desktop\L3_Case_Study\.metadata\.plugins\org.eclipse.swt\EBWebView\Default
2026-08-28 05:21:01.080: [INFO] Profiles total count: 1
2026-08-28 05:21:01.080: [INFO] Profile: name=Profile 1 path=C:\Users\pjatintr\OneDrive - Capgemini\Desktop\L3_Case_Study\.metadata\.plugins\org.eclipse.swt\EBWebView\Default lastActive=2026-08-28T04:48:30.174Z
2026-08-28 05:21:01.080: [INFO] LastUsedProfileDir: C:\Users\pjatintr\OneDrive - Capgemini\Desktop\L3_Case_Study\.metadata\.plugins\org.eclipse.swt\EBWebView\Default
2026-08-28 05:21:01.080: [INFO] MostRecentlyActiveProfile: name=Profile 1 path=C:\Users\pjatintr\OneDrive - Capgemini\Desktop\L3_Case_Study\.metadata\.plugins\org.eclipse.swt\EBWebView\Default lastActive=2026-08-28T04:48:30.174Z
2026-08-28 05:21:01.080: [INFO] OnDoneLoading sync enabled: 0
2026-08-28 05:21:01.080: [INFO] BookmarkModelLoaded, ids_reassigned: 0
2026-08-28 05:21:01.080: [INFO] BookmarksLoadDropped droppedNodes=0
2026-08-28 05:21:01.080: [INFO] BookmarksSnapshot Startup total=0 bar=0 other=0 mobile=0 showBar=0 showBarNTP=1
2026-08-28 05:21:09.838: [INFO] BookmarksSnapshot Shutdown total=0 bar=0 other=0 mobile=0 showBar=0 showBarNTP=1
2026-08-28 05:25:17.677: [INFO] CurrentProfilePath: C:\Users\pjatintr\OneDrive - Capgemini\Desktop\L3_Case_Study\.metadata\.plugins\org.eclipse.swt\EBWebView\Default
2026-08-28 05:25:17.677: [INFO] Profiles total count: 1
2026-08-28 05:25:17.677: [INFO] Profile: name=Profile 1 path=C:\Users\pjatintr\OneDrive - Capgemini\Desktop\L3_Case_Study\.metadata\.plugins\org.eclipse.swt\EBWebView\Default lastActive=2026-08-28T04:48:30.174Z
2026-08-28 05:25:17.677: [INFO] LastUsedProfileDir: C:\Users\pjatintr\OneDrive - Capgemini\Desktop\L3_Case_Study\.metadata\.plugins\org.eclipse.swt\EBWebView\Default
2026-08-28 05:25:17.677: [INFO] MostRecentlyActiveProfile: name=Profile 1 path=C:\Users\pjatintr\OneDrive - Capgemini\Desktop\L3_Case_Study\.metadata\.plugins\org.eclipse.swt\EBWebView\Default lastActive=2026-08-28T04:48:30.174Z
2026-08-28 05:25:17.677: [INFO] OnDoneLoading sync enabled: 0
2026-08-28 05:25:17.678: [INFO] BookmarkModelLoaded, ids_reassigned: 0
2026-08-28 05:25:17.678: [INFO] BookmarksLoadDropped droppedNodes=0
2026-08-28 05:25:17.678: [INFO] BookmarksSnapshot Startup total=0 bar=0 other=0 mobile=0 showBar=0 showBarNTP=1
2026-08-28 05:25:36.398: [INFO] BookmarksSnapshot Shutdown total=0 bar=0 other=0 mobile=0 showBar=0 showBarNTP=1
2026-08-28 05:50:02.828: [INFO] CurrentProfilePath: C:\Users\pjatintr\OneDrive - Capgemini\Desktop\L3_Case_Study\.metadata\.plugins\org.eclipse.swt\EBWebView\Default
2026-08-28 05:50:02.828: [INFO] Profiles total count: 1
2026-08-28 05:50:02.829: [INFO] Profile: name=Profile 1 path=C:\Users\pjatintr\OneDrive - Capgemini\Desktop\L3_Case_Study\.metadata\.plugins\org.eclipse.swt\EBWebView\Default lastActive=2026-08-28T04:48:30.174Z
2026-08-28 05:50:02.829: [INFO] LastUsedProfileDir: C:\Users\pjatintr\OneDrive - Capgemini\Desktop\L3_Case_Study\.metadata\.plugins\org.eclipse.swt\EBWebView\Default
2026-08-28 05:50:02.829: [INFO] MostRecentlyActiveProfile: name=Profile 1 path=C:\Users\pjatintr\OneDrive - Capgemini\Desktop\L3_Case_Study\.metadata\.plugins\org.eclipse.swt\EBWebView\Default lastActive=2026-08-28T04:48:30.174Z
2026-08-28 05:50:02.829: [INFO] OnDoneLoading sync enabled: 0
2026-08-28 05:50:02.829: [INFO] BookmarkModelLoaded, ids_reassigned: 0
2026-08-28 05:50:02.829: [INFO] BookmarksLoadDropped droppedNodes=0
2026-08-28 05:50:02.829: [INFO] BookmarksSnapshot Startup total=0 bar=0 other=0 mobile=0 showBar=0 showBarNTP=1
2026-08-28 05:50:05.963: [INFO] BookmarksSnapshot Shutdown total=0 bar=0 other=0 mobile=0 showBar=0 showBarNTP=1
2026-09-01 08:42:46.010: [INFO] CurrentProfilePath: C:\Users\pjatintr\OneDrive - Capgemini\Desktop\L3_Case_Study\.metadata\.plugins\org.eclipse.swt\EBWebView\Default
2026-09-01 08:42:46.010: [INFO] Profiles total count: 1
2026-09-01 08:42:46.011: [INFO] Profile: name=Profile 1 path=C:\Users\pjatintr\OneDrive - Capgemini\Desktop\L3_Case_Study\.metadata\.plugins\org.eclipse.swt\EBWebView\Default lastActive=2026-08-28T04:48:30.174Z
2026-09-01 08:42:46.011: [INFO] LastUsedProfileDir: C:\Users\pjatintr\OneDrive - Capgemini\Desktop\L3_Case_Study\.metadata\.plugins\org.eclipse.swt\EBWebView\Default
2026-09-01 08:42:46.011: [INFO] MostRecentlyActiveProfile: name=Profile 1 path=C:\Users\pjatintr\OneDrive - Capgemini\Desktop\L3_Case_Study\.metadata\.plugins\org.eclipse.swt\EBWebView\Default lastActive=2026-08-28T04:48:30.174Z
2026-09-01 08:42:46.011: [INFO] OnDoneLoading sync enabled: 0
2026-09-01 08:42:46.011: [INFO] BookmarkModelLoaded, ids_reassigned: 0
2026-09-01 08:42:46.011: [INFO] BookmarksLoadDropped droppedNodes=0
2026-09-01 08:42:46.011: [INFO] BookmarksSnapshot Startup total=0 bar=0 other=0 mobile=0 showBar=0 showBarNTP=1
2026-09-01 08:42:50.914: [INFO] BookmarksSnapshot Shutdown total=0 bar=0 other=0 mobile=0 showBar=0 showBarNTP=1
2026-09-01 11:19:27.036: [INFO] CurrentProfilePath: C:\Users\pjatintr\OneDrive - Capgemini\Desktop\L3_Case_Study\.metadata\.plugins\org.eclipse.swt\EBWebView\Default
2026-09-01 11:19:27.036: [INFO] Profiles total count: 1
2026-09-01 11:19:27.037: [INFO] Profile: name=Profile 1 path=C:\Users\pjatintr\OneDrive - Capgemini\Desktop\L3_Case_Study\.metadata\.plugins\org.eclipse.swt\EBWebView\Default lastActive=2026-08-28T04:48:30.174Z
2026-09-01 11:19:27.037: [INFO] LastUsedProfileDir: C:\Users\pjatintr\OneDrive - Capgemini\Desktop\L3_Case_Study\.metadata\.plugins\org.eclipse.swt\EBWebView\Default
2026-09-01 11:19:27.037: [INFO] MostRecentlyActiveProfile: name=Profile 1 path=C:\Users\pjatintr\OneDrive - Capgemini\Desktop\L3_Case_Study\.metadata\.plugins\org.eclipse.swt\EBWebView\Default lastActive=2026-08-28T04:48:30.174Z
2026-09-01 11:19:27.037: [INFO] OnDoneLoading sync enabled: 0
2026-09-01 11:19:27.037: [INFO] BookmarkModelLoaded, ids_reassigned: 0
2026-09-01 11:19:27.037: [INFO] BookmarksLoadDropped droppedNodes=0
2026-09-01 11:19:27.037: [INFO] BookmarksSnapshot Startup total=0 bar=0 other=0 mobile=0 showBar=0 showBarNTP=1
2026-09-01 11:19:42.152: [INFO] BookmarksSnapshot Shutdown total=0 bar=0 other=0 mobile=0 showBar=0 showBarNTP=1
2026-09-02 12:44:48.490: [INFO] CurrentProfilePath: C:\Users\pinan\Desktop\L3_Case_Study\.metadata\.plugins\org.eclipse.swt\EBWebView\Default
2026-09-02 12:44:48.490: [INFO] Profiles total count: 1
2026-09-02 12:44:48.491: [INFO] Profile: name=Profile 1 path=C:\Users\pinan\Desktop\L3_Case_Study\.metadata\.plugins\org.eclipse.swt\EBWebView\Default lastActive=2026-09-01T11:19:40.439Z
2026-09-02 12:44:48.491: [INFO] LastUsedProfileDir: C:\Users\pinan\Desktop\L3_Case_Study\.metadata\.plugins\org.eclipse.swt\EBWebView\Default
2026-09-02 12:44:48.491: [INFO] MostRecentlyActiveProfile: name=Profile 1 path=C:\Users\pinan\Desktop\L3_Case_Study\.metadata\.plugins\org.eclipse.swt\EBWebView\Default lastActive=2026-09-01T11:19:40.439Z
2026-09-02 12:44:48.491: [INFO] OnDoneLoading sync enabled: 0
2026-09-02 12:44:48.491: [INFO] BookmarkModelLoaded, ids_reassigned: 0
2026-09-02 12:44:48.491: [INFO] BookmarksLoadDropped droppedNodes=0
2026-09-02 12:44:48.491: [INFO] BookmarksSnapshot Startup total=0 bar=0 other=0 mobile=0 showBar=0 showBarNTP=1
2026-09-02 12:44:56.982: [INFO] BookmarksSnapshot Shutdown total=0 bar=0 other=0 mobile=0 showBar=0 showBarNTP=1
2026-09-02 12:44:57.057: [INFO] CurrentProfilePath: C:\Users\pinan\Desktop\L3_Case_Study\.metadata\.plugins\org.eclipse.swt\EBWebView\Default
2026-09-02 12:44:57.057: [INFO] Profiles total count: 1
2026-09-02 12:44:57.058: [INFO] Profile: name=Profile 1 path=C:\Users\pinan\Desktop\L3_Case_Study\.metadata\.plugins\org.eclipse.swt\EBWebView\Default lastActive=2026-09-01T11:19:40.439Z
2026-09-02 12:44:57.058: [INFO] LastUsedProfileDir: C:\Users\pinan\Desktop\L3_Case_Study\.metadata\.plugins\org.eclipse.swt\EBWebView\Default
2026-09-02 12:44:57.058: [INFO] MostRecentlyActiveProfile: name=Profile 1 path=C:\Users\pinan\Desktop\L3_Case_Study\.metadata\.plugins\org.eclipse.swt\EBWebView\Default lastActive=2026-09-01T11:19:40.439Z
2026-09-02 12:44:57.058: [INFO] OnDoneLoading sync enabled: 0
2026-09-02 12:44:57.058: [INFO] BookmarkModelLoaded, ids_reassigned: 0
2026-09-02 12:44:57.058: [INFO] BookmarksLoadDropped droppedNodes=0
2026-09-02 12:44:57.058: [INFO] BookmarksSnapshot Startup total=0 bar=0 other=0 mobile=0 showBar=0 showBarNTP=1
2026-09-02 12:46:08.722: [INFO] BookmarksSnapshot Shutdown total=0 bar=0 other=0 mobile=0 showBar=0 showBarNTP=1
2026-09-02 12:46:08.810: [INFO] CurrentProfilePath: C:\Users\pinan\Desktop\L3_Case_Study\.metadata\.plugins\org.eclipse.swt\EBWebView\Default
2026-09-02 12:46:08.810: [INFO] Profiles total count: 1
2026-09-02 12:46:08.810: [INFO] Profile: name=Profile 1 path=C:\Users\pinan\Desktop\L3_Case_Study\.metadata\.plugins\org.eclipse.swt\EBWebView\Default lastActive=2026-09-01T11:19:40.439Z
2026-09-02 12:46:08.811: [INFO] LastUsedProfileDir: C:\Users\pinan\Desktop\L3_Case_Study\.metadata\.plugins\org.eclipse.swt\EBWebView\Default
2026-09-02 12:46:08.811: [INFO] MostRecentlyActiveProfile: name=Profile 1 path=C:\Users\pinan\Desktop\L3_Case_Study\.metadata\.plugins\org.eclipse.swt\EBWebView\Default lastActive=2026-09-01T11:19:40.439Z
2026-09-02 12:46:08.811: [INFO] OnDoneLoading sync enabled: 0
2026-09-02 12:46:08.811: [INFO] BookmarkModelLoaded, ids_reassigned: 0
2026-09-02 12:46:08.811: [INFO] BookmarksLoadDropped droppedNodes=0
2026-09-02 12:46:08.811: [INFO] BookmarksSnapshot Startup total=0 bar=0 other=0 mobile=0 showBar=0 showBarNTP=1
2026-09-02 12:46:28.723: [INFO] BookmarksSnapshot Shutdown total=0 bar=0 other=0 mobile=0 showBar=0 showBarNTP=1
2026-09-02 12:50:48.725: [INFO] CurrentProfilePath: C:\Users\pinan\Desktop\L3_Case_Study\.metadata\.plugins\org.eclipse.swt\EBWebView\Default
2026-09-02 12:50:48.725: [INFO] Profiles total count: 1
2026-09-02 12:50:48.725: [INFO] Profile: name=Profile 1 path=C:\Users\pinan\Desktop\L3_Case_Study\.metadata\.plugins\org.eclipse.swt\EBWebView\Default lastActive=2026-09-01T11:19:40.439Z
2026-09-02 12:50:48.725: [INFO] LastUsedProfileDir: C:\Users\pinan\Desktop\L3_Case_Study\.metadata\.plugins\org.eclipse.swt\EBWebView\Default
2026-09-02 12:50:48.725: [INFO] MostRecentlyActiveProfile: name=Profile 1 path=C:\Users\pinan\Desktop\L3_Case_Study\.metadata\.plugins\org.eclipse.swt\EBWebView\Default lastActive=2026-09-01T11:19:40.439Z
2026-09-02 12:50:48.725: [INFO] OnDoneLoading sync enabled: 0
2026-09-02 12:50:48.725: [INFO] BookmarkModelLoaded, ids_reassigned: 0
2026-09-02 12:50:48.725: [INFO] BookmarksLoadDropped droppedNodes=0
2026-09-02 12:50:48.725: [INFO] BookmarksSnapshot Startup total=0 bar=0 other=0 mobile=0 showBar=0 showBarNTP=1
2026-09-02 12:50:55.348: [INFO] BookmarksSnapshot Shutdown total=0 bar=0 other=0 mobile=0 showBar=0 showBarNTP=1
2026-09-02 12:52:00.585: [INFO] CurrentProfilePath: C:\Users\pinan\Desktop\L3_Case_Study\.metadata\.plugins\org.eclipse.swt\EBWebView\Default
2026-09-02 12:52:00.585: [INFO] Profiles total count: 1
2026-09-02 12:52:00.585: [INFO] Profile: name=Profile 1 path=C:\Users\pinan\Desktop\L3_Case_Study\.metadata\.plugins\org.eclipse.swt\EBWebView\Default lastActive=2026-09-01T11:19:40.439Z
2026-09-02 12:52:00.585: [INFO] LastUsedProfileDir: C:\Users\pinan\Desktop\L3_Case_Study\.metadata\.plugins\org.eclipse.swt\EBWebView\Default
2026-09-02 12:52:00.585: [INFO] MostRecentlyActiveProfile: name=Profile 1 path=C:\Users\pinan\Desktop\L3_Case_Study\.metadata\.plugins\org.eclipse.swt\EBWebView\Default lastActive=2026-09-01T11:19:40.439Z
2026-09-02 12:52:00.586: [INFO] OnDoneLoading sync enabled: 0
2026-09-02 12:52:00.586: [INFO] BookmarkModelLoaded, ids_reassigned: 0
2026-09-02 12:52:00.586: [INFO] BookmarksLoadDropped droppedNodes=0
2026-09-02 12:52:00.586: [INFO] BookmarksSnapshot Startup total=0 bar=0 other=0 mobile=0 showBar=0 showBarNTP=1
2026-09-02 12:53:09.271: [INFO] BookmarksSnapshot Shutdown total=0 bar=0 other=0 mobile=0 showBar=0 showBarNTP=1
